/*	$NetBSD: list_head.0.stdout,v 1.1.2.2 2019/06/10 22:10:12 christos Exp $	*/
/* $FreeBSD: head/usr.bin/indent/tests/list_head.0.stdout 313544 2017-02-10 09:31:39Z pstef $ */
/* See r309380 */
static int
do_execve(td, args, mac_p)
	struct thread  *td;
	struct image_args *args;
	struct mac     *mac_p;
{

}

static LIST_HEAD(, alq) ald_active;
static int	ald_shuttingdown = 0;
struct thread  *ald_thread;
