/* $NetBSD: opt-fc1.0.stdout,v 1.3 2021/09/24 17:37:55 rillig Exp $ */
/* $FreeBSD$ */

/*
 * A comment in column 1.
 *
 *
 *
 */

/* $ The comment text got surrounded by spaces. */
/* narrow */

/* $ The indentation got removed. */
/* space */

/* $ The indentation got removed, only the leading tab got replaced by a space. */
/* tab	*/

/* $ The space between these comments got removed. */
/* block1 *//* block2 */

/* $ Both comment texts got surrounded by spaces. */
/* block1 *//* block2 */
