/* $NetBSD: token-while_expr.0.stdout,v 1.2 2021/09/25 13:26:07 rillig Exp $ */
/* $FreeBSD$ */

/*
 * Tests for the keyword 'while', followed by a parenthesized expression.
 */

int
main(int argc, char **argv)
{
	int		o;
	while ((o = getopt(argc, argv, "x:")) != -1)
		switch (o) {
		case 'x':
			do {
				o++;
			} while (o < 5);
			break;
		default:
			usage();
/* $ XXX: The 'return' should be in a separate line. */
		} return 0;
}
