reading from file kday4.pcap, link-type EN10MB (Ethernet)
tcpdump: pcap_loop: truncated dump file; tried to read 16 header bytes, only got 1
