tcpdump: Section Header Block in pcapng dump file has invalid length 28 < _1915760688_ < 1048576 (BT_SHB_INSANE_MAX)
