IP 250.15.128.19.68 > 249.251.157.8.63246: BOOTP/DHCP, unknown (0x00), length 8085
[|ether]
IP 0.0.0.0.0 > 0.0.0.0.7004:  rx abort (539)
