{
  # class declaration config
  # options
  "Dhcp6": {
    "option-def": [
      {
        "space": "dhcp6",
        "name": "mysystem",
        "code": 1250,
        "type": "string"
      },
      {
        "space": "dhcp6",
        "name": "myversion",
        "code": 1251,
        "type": "uint16"
      }
    ],
    "client-classes": [
      # class declaration
      {
        "name": "foobar",
        /// from: match if (option dhcp6.mysystem) = 'version1'
        "test": "option[1250].hex == 'version1'",
        "option-data": [
          {
            "space": "dhcp6",
            "name": "myversion",
            "code": 1251,
            "data": "1"
          }
        ]
      }
    ]
  }
}
