{
  # Group with DHCPv6 subnet declaration config
  # parameter which will be changed in subnet
  "Dhcp6": {
    "valid-lifetime": 1200,
    "interfaces-config": {
      "interfaces": [
        "en0"
      ]
    },
    "subnet6": [
      # DHCPv4 subnet declaration
      {
        "id": 1,
        "subnet": "2001::/64",
        "pools": [
          # at least one pool is required
          {
            "pool": "2001::100 - 2001::200"
          }
        ],
        "interface": "en0",
        "valid-lifetime": 1800,
        "option-data": [
          {
            "space": "dhcp6",
            "name": "lq-relay-data",
            "code": 47,
//          "original-data": "2001::1 \"foobar\"",
            "data": "2001::1, 666f6f626172"
          },
          # option
          {
            "space": "dhcp6",
            "name": "domain-search",
            "code": 24,
//          "original-data": "\"example.com\", \"example.org\"",
            "data": "example.com, example.org"
          }
        ]
      }
    ]
  }
}
