{
  # IPv6 addresses config
  "Dhcp6": {
    "option-data": [
      {
        "space": "dhcp6",
        "name": "dns-servers",
        "code": 23,
//      "original-data": "2001::, 200a::0bF, 2001::192.168.0.1",
        "data": "2001::, 200a::bf, 2001::c0a8:1"
      }
    ]
  }
}
