{
  # on executable statement construct
  # empty configs are not accepted by Kea
  "Dhcp4": {
    "valid-lifetime": 1800
//  # empty on statement
//  "statement": {
//    "on": {
//      "condition": "expiry"
//    }
//  }
//  # another one
//  "statement": {
//    "on": {
//      "condition": "commit or release",
//      "body": [
//        {
//          "execute": {
//            "command": "myscript",
//            "arguments": [
//              {
//                "packet": {
//                  "offset": 5,
//                  "length": 2
//                }
//              }
//            ]
//          }
//        }
//      ]
//    }
//  }
  }
}
