{
  # option definition config
  # options
  "Dhcp4": {
    "option-def": [
      {
        "space": "foobar",
        "name": "encap",
        "code": 1,
        "type": "empty",
        "encapsulate": "xyz"
      }
    ]
  }
}
