{
  # bad Bat (non terminal array) option declaration
  "Dhcp4": {
    "option-def": [
      /// unsupported array inside a record
      {
        "space": "foobar",
        "name": "fmt-Bat",
        "code": 1,
//      "array": true,
//      "definition": "{ array of uint8, string}",
        /// Option definition is not compatible with Kea
        /// Fallback to full binary
        "type": "binary"
      }
    ]
  }
}
