\# 48000 45841674994E4F5E4BA43AADA754D631DFB7E12155E7F10C551032B3 E56ED5BA5136C15CDA201E7E5E54FB60A99388B61A565C1CF74CD8AA E1AEE7FBEB54CEBEE065CF2B1B317F67277AE733183C668BA81A7EFE C322D36FB5CC6293AD7F7AE3544A7C64D404C4EEB1B889E9780A213B D548A018BE2E1B6A3B8840D714DDB8C0A66BEAA4C2A1471D216AD0EB 8D2C884960D30FD3FAD058C47EACE42AAB0F0D40A690CA3BAF9616B7 373B889788E891757AE0EEACCD291D87D05DAED8631D1EBF9202F816 59754CA11221E902A69C7BF0039310EDF5305ACE5404DDD02163BE0A 22334879A27BFA7702E13D06F15887261A12ABFD0C01966FA67F97ED 38C521DBCFF8A2AA8DAF53F1EAA7991B6767DA0E68B2EBB38BEB8F1A ADAA30C1185870DAD0091E7AF0BBED453CE081BA5DC87CA5A764592E D7312C6A26F7E358EF35182A49763A61C9A0C5DBDDCF199251381215 51EB3C3CED9F529F03A85429F42F75503EFA6E1301AA7AD9B29C5AAA A1EF6EE5BBE9E2639D65BAF98A6B06243483A2453969F65F9A0DAD3D 8630522079B8C1079E28057D63696739B71F57EE85AB20A596865D77 EF70412C7A4BE7D9D5A4EB13709F0EC1AF6A4CF962364761EBD62EFB 4F16EE843C1B214944EFF2C81563C4AC4C854C32972DF761F17FDCAC 3E40E02757FDF1FA57F77E1C86C3D488B02D4634501801BE4F929FFD E0ED07112093D9018D59CEE1733BFDC8A968A831D42B95C087A578E3 C6EEFACFA1C9089072AB490D631B2D00CB75CB33586917F103842856 CA2F5CCD449465B4A86A37F8147D626969F02DAFACD4BA81B680E5DC 288037ADA3BE902E2EF9C129710200AC93F5D3BF1C1418B65D98BDF1 01D38D9B2C5F25A3D09A4638DCC2C0D0CF411F3ED747E6745AC7A8BE 03EA2EE990979CF3B8398C4BFB058012DE25FBF0E1081C4205AFC54D 3BDA63565BC0BC3F6AF91F083ABC26AC7047E2759F28525498AE6461 A1F66B900FDE5D8CD6C842C587F28620444AD5BD3B522F0294C14E22 79B5C577F3F41C15A723A20259805AA18360F6B954B75D98BEECD0C0 A0AD151B0027CCA891932ADFCA9B7ECA33FD585031C188F8D851E3BB C8552F340E1319553BFE776975BAEE6ACF025B8C4849C0A430049734 114B75345228D19846B39580F1C328068A4B36C43EF13380BE7E5406 0ACD9494EE99908F57E779A4C20728135D509B52D5066CC7BAC77F1C 4FCF81E9F0C7CF621593E90F398C56B14FDDC74F62A4854655CB27B1 DC94A83F9A4A52055EA74EA3129F88CB8D01870BFD5157CB966CFA41 21E018C2DD72F363DFA5011D1072FD9350DDE79BEC213520CD68CCEA 356EE24B2C3E84871540C410353E9514188A46771B07B2B0E261287D 353A8D55A71077B4B509FB99C80D7D07F6739CBC9ED82A5A40E624C0 860A42049585C0ABC164B6E5E726DA58B6FAF8384E0C8E9A03BAE074 415335BAC4E72AAD561CB77A8D7AAD25C67F3D74F38B62F43A2012FB E62C0DEF6BE948098DBCBB0F06769663B8E6A7C0D88AC914DBB8BAA7 85F4509B2DECAD57F85516D2AEF23A24202B4123F4CE41E97653B5F3 8E7E092C8EBFDC36A46D204237AE71484F4249740C2ECA7BEACE1699 CCAAC0DAA6AD8C1A0C5AEB59086C2179A235085D0C68942C8FBD67EC 7FCF627049DF4790757F40D7D027FBEAE4A358EDD5867C7F56710460 38E3086D76D3E22F868DBE60C64EB123BBF15358FD7D5B6511CEDECF A701494B143F77F7463D8E3099B811E8AB53092B3EF6E995A655086B CF61EB773900D425132A04530BEFC404F5BC27D98DD2367BB815580F 8BB7CBEF4793680648959A44A6CD216196A4BD61D1CC44326869877E 2BE943C6C7BB95B854117B1A0B00D33083AFE54461024BD791B2724B ED82EDD289F9376C7E0502627E1E3672345DC53F1F25AFB60568CA28 C84B9214D32FB5D805CDD31324640519C3DD0B6519FA93AB15D734FC 0C5ABBFA90C910C90C3F38B0688B584B6285427F760414C9445B415F E433908035081F5CA081AB53CC7C2701F65A18A5E64EBA887BAD3343 2735C1E62AD2B35F0A258892D919835DFA523E2BAC6DDEBDC0C57640 1F21D937711D774153A7EC42125D24D115240FADB90FE0061D9EC041 EF2905E4AA3E81C453572DF0F72A43D070492261DCAD28174F8B1697 9DB03C2F96D9E53CBFEF510A1BB5D6CFBC4F92A9E94C0C018738E2A9 30922603083124284B076FC1F93AFB20878CCF756C8DE07DC6D01C27 3FF2608136A8DCE64BA4287CC19E35B72B40A32B435F3BFBE94A97F0 972AEBB4C54D95F4993EB831307D22647A1EB7C525FD470FB9CA13D3 404CA5ECFF99E87B73C5B88FD4A905220DB8D183C325E7D27A4D70F7 1469ED347AB68A9F7F1A5EA235BCD9F9BBBEF91A9DF227109D715941 F54EA464C9F8A9D0724BD4C9772023B086BD521C516449C780500CB3 3630AE28CF02C19C0958FAEE545B953CA46217B7AD600679ACD85DCF ECCF4012AA9D5A7E1A1B1A43C7D9A91F8766ED3A5EF61A7A0840BEE2 B8EECCD5932CB1438A7AA271CE6906BDC3D9230AB8D0B095BE53869B 37455D0BAC413F518E39767F23FC669AA0742B8B5196FEDD1284C27D 05372F4653618962468AE24A6C575DAEA152D036619ADB965487D063 1B6182A0EBDD5AAC519ABBC1CBE766283788E8FCE8CE91760EDB4CDA C1636DE694364FED377B9DD5512BB258FF28533CA454EE161E69A58F 7964A88AFAFE768340ED78896D02FCC6D00090728C86C3C21CF4B89E EB975E2A674B64DA5BC5D05F6D647252E7B3394031BC9B4565C466E5 D9B8D9C2DD96A9950AE0D879BFD8C343709968F0D4A885D9C0A4AD22 B08FA3CB093DCD583AFD49966CB842F3E739FC665AE78550914896A2 D8F660726E02B7847AFAF327990A3478362C091F2B0BF7DD8AFD4F93 5141E63C7C4A680BB02BF84BA0E2FBCE5FCACF1CD51C7732E97A358D BFF58DC07AE2CFC5F66EF5A8532F31BFCFA86886751ECFE4D3234C3E C84EABCB9DE56BD72847E894AC95103FEB7DE2C89780E7377ED61A1B D813F64957419BD798632AA7B5A43D5E90463FE5DB8373A91487E71A B990C0B68C4F86305A3CB78216C98188D9C4FF715D7CC72BD4B64253 B4A894B2B9A3F7AA6C41A1ED2A7CC3553C3716C6D3CA42E4746A1801 93FF49E0B8063412EF9DF6217C97D30FB7ECC5ABACF22E08105B0B09 807B3F3CDF66A695F46F5ACE7FFF41208859CA38610F6A91368685C9 EF8E68958ACAB3C7F198A484ACD6592CDD0F1507AF662A61E9FE8EB4 0EFEEBED64888802978952DD21C9D903B2BE0845C3611A138C2750B1 35D0D55FAE5AE23A8274DA034E28D2B7760F82AB2F83AB1CD34D9C45 F7FB63527845704A4E68CF578C8604F269F70DB8F4462980EEAAA40A C20076FDDDFA2F2F31AE7E031388ED6BCBF0DA39FD210351C956151C 5A69B8DB3ECBA80B6DA822A858E8D5ABC24D3AFBADE4B8FAC50CD36F 3926AF3CC6917D2A54A83540BBC96ECADBCDBA189849B07B865538B3 B4FE142D2DFC0DEC688DA44B3C0B8C4605A00CC826BD5826A8E43F22 5E75D246DE2C896394AC9169746689010F2E958029F874A084813663 BF14A38111685457842BE8566C634FE7BD34A0846B82929DC357F06B A186A3A6917521881A1B84473B9D6BE8C10DDA27655BCEF81AC6E717 CCA29E9E0F6A02578B7A6F97CEC7B600785C4ACE6EAFE9F7F604F754 0538F96501467456BF132D1F52555DE292C21E3AA5FC24CD57E2A65E 742E2FEC311F3CBD19B9B4F8E9C5A66191F4C19B8F641D9C7FA58338 F179B533DCBF6A88849E4BD01B094B5B8B09BBF3095F683029DFA61A 4C91A582DF0380AA4A0ABC97A7BA9735BC7C2894AE6883B42CDCA772 626C31088C1684F64DEA810199C2D48A5467DB001BA4E274C0F7A5E7 62CC615A91FE537B356C7D76D24D310EF4D6D1E19F1788FED740686E 9BCE08E6B06B99A3BB7100477563992420FC70BB75B783820DF34C3F 7595E7EFC3E225EA5F2B33C05F515E1D3B4DA67B0DD461E1A82260B6 D2B7A0A43265A8003A5FD13F57CF05878211C6E1EB8C635A2C8D1533 F0260FAD1DF4FA41CE398E0974A5EA54AEBECF6E9AE57562BAA826C9 831C56CAB61565E2697E96F563D55B75B48A4FB6F32C02EBC2BFEC9F D519C396FFF42F1C4953DCD2EDE87F62EA90CDB1ACBAC2B187EF7104 7DE4477514612593FD7F849E4190A59BC147EA07B794E0880EA37F5F 27AA5FA78905F6495668253890699E319F14D54996E36E1F6DDED0C9 552605AD9D20F8F4E6DD26FDB7FC681415F15D47E4997995A671F85F 56E54A146D1E16C7909B0EFD42CAFB92F12B9F4F88157A68CCF8DCF3 295AE65D26DD53233CD414F73881A5FED934C577B7C66F484965E1EA 507F2FDB20141A9C6458F22265E26CE6AC906B4BD43F178331328BEA 55C61E737F2F130E51F0ED343A9E9709036ABE6338446B8CA7B9CD83 1F4C63908FCB6EB134626F89DF0A134F9F7CD196BC96A5DDD2B2CC55 30220D4708D5D2FC55EB64ECC1B668970E7DF11FAEB3782630A37920 89E2A0443631AEC02CF8078C8CACB3BBFFF7304670B391690AE1A29B 445A46CF78B84D26E830B8D072C2F0A2292CF29AE11F509855C1972D 5F86A13773FE91954B2EB5C8E75B9554C082FE65EA01D0D6794D621B 231DB56DD59EEEBE4D71144B966C19B402DBAA25D051F9DCAB7F0631 42D35123D9CA28A89A4CF3E771095F794F6A7D495870AC9F47D1E024 B5341C931590225B76931999C9D341D8CDEA4D0443D719E09ED22758 4243480B618246A318ADDF475A70F3BE57C3278E23D48874E2682486 4ABE829CA2318DDEC436D182040F014D4FBCB1FBDBF2AB82B613B7DD B45DC7635796A6AB203F8D9A6A04C08B40BE8452B4058EB6199FF68C A8A570F1A179ED662E4FBC1DDB8364CCABDB7D25EB9BFA6844D4D379 FFF7161F13D287AF0B6B9EF3D2C164BC63D412F04CC3DDBEDA6D9738 38B329108388EF700E42E232009782D380127200412E27671DF2B17D 5D7FA517CE12C66D6B84B11365611CB11E0BF27B06F3B86C4B4572E6 3702DAD0A3F9784656D16F7B731951FAEFD190B4F7E0322871A2733C 30670C311DB6F8C24E51C747525D04E551DFE1EC6A20E796D0B7F4BE 73896895FD6BF922B02BDC0C1412317AC0975D0CBC8C5A01F17F842C 9CDEF7CDB02055425BB1EE0FBE46BAB2FB6C3D3E3D86EB066EDD23B5 7F18C3B9FEC9C6C3D8D41B77DADA06F08890490354F95E97FECEE7F6 BDE50325F659971D8940C6B299531EC9E07413CDB92EA26DB7AE21A1 51CD59BFE72B8A19998384EE8985CC47544EDC79F5F266F0887664DB 09136792E75DFBC306DB725E5D1089DE94E3305A3DB61B799A22EBEA 3A72C52A9EAA89A2983F47FD0C685445D30C6023C855613F33E023E1 A73120762816B70CA46FE2BF0C14B9706DA2F993FE00053AC6828033 7B92FE344695DA64CAE061541164BCADAEFAECEE529AEF20F0530104 26633AAD07A98D8D6453AD0164951D85C5DB7965F6B845C01EE4B13D A933CB152151E8052BD6052B22CED3F3CE96040A23B6661AE0789309 70CD342D2464C0638C7988D06A5DDF9130FD4148A8221FEBF8200323 C42890E57AD3C60AE443C72F60388F755BD0F8D8082BC7CC7C26B280 B6C186FEE3E7161793BE25C8373D77